2026-03-10 00:34:01,862 - INFO - Starting Proxy Workflow for Playlist ID: PLXlz4-GmC7VsuHrQgBg40CHHqFftdVNqJ
2026-03-10 00:34:01,864 - INFO - Proxy URL built for dataimpulse: http://e6e01b70bd9ec5afe3b1:****@gw.dataimpulse.com:823
2026-03-10 00:34:01,864 - INFO - ProxyPool initialized — mode: gateway, provider: dataimpulse
2026-03-10 00:34:01,929 - INFO - Authenticated YTMusic user.
2026-03-10 00:34:01,930 - INFO - Step 0: Proxy Health Check...
2026-03-10 00:34:01,930 - INFO - Running proxy health check via https://httpbin.org/ip...
2026-03-10 00:34:03,974 - INFO - ✅ Health check PASSED. Exit IP: 185.209.56.189
2026-03-10 00:34:03,976 - INFO - Proxy health check passed. Exit country: None
2026-03-10 00:34:03,977 - INFO - Step 1: Syncing Playlist (Live -> DB)...
2026-03-10 00:34:03,977 - INFO - Fetching playlist: PLXlz4-GmC7VsuHrQgBg40CHHqFftdVNqJ...
2026-03-10 00:34:09,337 - INFO - Found 756 tracks in 'AZC'.
2026-03-10 00:34:09,936 - INFO - Synced 751 tracks to DB.
2026-03-10 00:34:09,963 - INFO - Sync complete. DB contains 753 tracks.
2026-03-10 00:34:09,963 - INFO - Step 2: Processing Tracks (Download -> Analyze -> Store)...
2026-03-10 00:34:09,963 - INFO - [1/753] Re-trying failed track: 'All In This (Original mix)' (retry 5/5)
2026-03-10 00:34:09,970 - INFO - [1/753] Processing: All In This (Original mix)...
2026-03-10 00:34:09,970 - INFO -   -> Downloading...
2026-03-10 00:34:15,292 - ERROR - Download failed for QRU5jpPgdfo: [0;31mERROR:[0m unable to download video data: HTTP Error 403: Forbidden
2026-03-10 00:34:15,294 - INFO - Error classified as TRANSIENT: [0;31mERROR:[0m unable to download video data: HTTP Error 403: Forbidden
2026-03-10 00:34:15,294 - INFO - Proxy rotation requested (dataimpulse handles rotation). Fresh IP on next request.
2026-03-10 00:34:15,294 - INFO -   -> Rotated proxy (Active: http://e6e01b70bd9ec5afe3b1:65d4cc1c9a5a3c6b@gw.dataimpulse.com:823)
2026-03-10 00:34:15,295 - ERROR -   -> Failed (transient): [0;31mERROR:[0m unable to download video data: HTTP Error 403: Forbidden
2026-03-10 00:34:15,305 - INFO - [2/753] Re-trying failed track: 'So what we get drunk? (Extended Version)' (retry 5/5)
2026-03-10 00:34:15,306 - INFO - [2/753] Processing: So what we get drunk? (Extended Version)...
2026-03-10 00:34:15,307 - INFO -   -> Downloading...
2026-03-10 00:34:18,303 - ERROR - Download failed for OroEDbx75dA: [0;31mERROR:[0m [youtube] OroEDbx75dA: Sign in to confirm you’re not a bot. Use --cookies-from-browser or --cookies for the authentication. See  https://github.com/yt-dlp/yt-dlp/wiki/FAQ#how-do-i-pass-cookies-to-yt-dlp  for how to manually pass cookies. Also see  https://github.com/yt-dlp/yt-dlp/wiki/Extractors#exporting-youtube-cookies  for tips on effectively exporting YouTube cookies
2026-03-10 00:34:18,304 - WARNING - Error classified as UNKNOWN: [0;31mERROR:[0m [youtube] OroEDbx75dA: Sign in to confirm you’re not a bot. Use --cookies-from-browser or --cookies fo
2026-03-10 00:34:18,304 - ERROR -   -> Failed (unknown): [0;31mERROR:[0m [youtube] OroEDbx75dA: Sign in to confirm you’re not a bot. Use --cookies-from-browser or --cookies for the authentication. See  https://github.com/yt-dlp/yt-dlp/wiki/FAQ#how-do-i-pass-cookies-to-yt-dlp  for how to manually pass cookies. Also see  https://github.com/yt-dlp/yt-dlp/wiki/Extractors#exporting-youtube-cookies  for tips on effectively exporting YouTube cookies
2026-03-10 00:34:18,314 - INFO -   -> Backoff delay: 4s (consecutive failures: 2)
2026-03-10 00:34:22,317 - INFO - [3/753] Re-trying failed track: 'NOTYPE' (retry 5/5)
2026-03-10 00:34:22,317 - INFO - [3/753] Processing: NOTYPE...
2026-03-10 00:34:22,317 - INFO -   -> Downloading...
2026-03-10 00:34:26,764 - ERROR - Download failed for h90_cnWWjIU: [0;31mERROR:[0m unable to download video data: HTTP Error 403: Forbidden
2026-03-10 00:34:26,764 - INFO - Error classified as TRANSIENT: [0;31mERROR:[0m unable to download video data: HTTP Error 403: Forbidden
2026-03-10 00:34:26,764 - INFO - Proxy rotation requested (dataimpulse handles rotation). Fresh IP on next request.
2026-03-10 00:34:26,766 - INFO -   -> Rotated proxy (Active: http://e6e01b70bd9ec5afe3b1:65d4cc1c9a5a3c6b@gw.dataimpulse.com:823)
2026-03-10 00:34:26,766 - ERROR -   -> Failed (transient): [0;31mERROR:[0m unable to download video data: HTTP Error 403: Forbidden
2026-03-10 00:34:26,775 - INFO -   -> Backoff delay: 8s (consecutive failures: 3)
2026-03-10 00:34:34,777 - INFO - [4/753] Re-trying failed track: 'SILVENE 02 [240123]' (retry 5/5)
2026-03-10 00:34:34,778 - INFO - [4/753] Processing: SILVENE 02 [240123]...
2026-03-10 00:34:34,778 - INFO -   -> Downloading...
2026-03-10 00:34:39,384 - ERROR - Download failed for WnYXHlRKcwE: [0;31mERROR:[0m unable to download video data: HTTP Error 403: Forbidden
2026-03-10 00:34:39,384 - INFO - Error classified as TRANSIENT: [0;31mERROR:[0m unable to download video data: HTTP Error 403: Forbidden
2026-03-10 00:34:39,384 - INFO - Proxy rotation requested (dataimpulse handles rotation). Fresh IP on next request.
2026-03-10 00:34:39,384 - INFO -   -> Rotated proxy (Active: http://e6e01b70bd9ec5afe3b1:65d4cc1c9a5a3c6b@gw.dataimpulse.com:823)
2026-03-10 00:34:39,384 - ERROR -   -> Failed (transient): [0;31mERROR:[0m unable to download video data: HTTP Error 403: Forbidden
2026-03-10 00:34:39,400 - INFO -   -> Backoff delay: 16s (consecutive failures: 4)
2026-03-10 00:34:55,402 - INFO - [5/753] Re-trying failed track: 'Diversion' (retry 5/5)
2026-03-10 00:34:55,403 - INFO - [5/753] Processing: Diversion...
2026-03-10 00:34:55,403 - INFO -   -> Downloading...
2026-03-10 00:35:01,144 - ERROR - Download failed for UtlUtws8Jzk: [0;31mERROR:[0m unable to download video data: HTTP Error 403: Forbidden
2026-03-10 00:35:01,144 - INFO - Error classified as TRANSIENT: [0;31mERROR:[0m unable to download video data: HTTP Error 403: Forbidden
2026-03-10 00:35:01,144 - INFO - Proxy rotation requested (dataimpulse handles rotation). Fresh IP on next request.
2026-03-10 00:35:01,144 - INFO -   -> Rotated proxy (Active: http://e6e01b70bd9ec5afe3b1:65d4cc1c9a5a3c6b@gw.dataimpulse.com:823)
2026-03-10 00:35:01,144 - ERROR -   -> Failed (transient): [0;31mERROR:[0m unable to download video data: HTTP Error 403: Forbidden
2026-03-10 00:35:01,156 - INFO -   -> Backoff delay: 30s (consecutive failures: 5)
2026-03-10 00:35:31,158 - INFO - [6/753] Skipping 'NUEVAYoL' (Already analyzed). BPM: 117
2026-03-10 00:35:31,159 - INFO - [7/753] Re-trying failed track: 'Un Beso Y Una Flor' (retry 5/5)
2026-03-10 00:35:31,160 - INFO - [7/753] Processing: Un Beso Y Una Flor...
2026-03-10 00:35:31,160 - INFO -   -> Downloading...
2026-03-10 00:35:33,936 - ERROR - Download failed for 2gsmZ-UZAA4: [0;31mERROR:[0m [youtube] 2gsmZ-UZAA4: Video unavailable. This video is not available
2026-03-10 00:35:33,938 - INFO - Error classified as PERMANENT: [0;31mERROR:[0m [youtube] 2gsmZ-UZAA4: Video unavailable. This video is not available
2026-03-10 00:35:33,938 - ERROR -   -> Failed (permanent): [0;31mERROR:[0m [youtube] 2gsmZ-UZAA4: Video unavailable. This video is not available
2026-03-10 00:35:33,954 - INFO -   -> Backoff delay: 30s (consecutive failures: 6)
2026-03-10 00:36:03,957 - INFO - [8/753] Re-trying failed track: 'Romantika' (retry 5/5)
2026-03-10 00:36:03,957 - INFO - [8/753] Processing: Romantika...
2026-03-10 00:36:03,957 - INFO -   -> Downloading...
2026-03-10 00:36:10,346 - ERROR - Download failed for jtRV9DWKTKo: [0;31mERROR:[0m [youtube] jtRV9DWKTKo: Sign in to confirm you’re not a bot. Use --cookies-from-browser or --cookies for the authentication. See  https://github.com/yt-dlp/yt-dlp/wiki/FAQ#how-do-i-pass-cookies-to-yt-dlp  for how to manually pass cookies. Also see  https://github.com/yt-dlp/yt-dlp/wiki/Extractors#exporting-youtube-cookies  for tips on effectively exporting YouTube cookies
2026-03-10 00:36:10,346 - WARNING - Error classified as UNKNOWN: [0;31mERROR:[0m [youtube] jtRV9DWKTKo: Sign in to confirm you’re not a bot. Use --cookies-from-browser or --cookies fo
2026-03-10 00:36:10,346 - ERROR -   -> Failed (unknown): [0;31mERROR:[0m [youtube] jtRV9DWKTKo: Sign in to confirm you’re not a bot. Use --cookies-from-browser or --cookies for the authentication. See  https://github.com/yt-dlp/yt-dlp/wiki/FAQ#how-do-i-pass-cookies-to-yt-dlp  for how to manually pass cookies. Also see  https://github.com/yt-dlp/yt-dlp/wiki/Extractors#exporting-youtube-cookies  for tips on effectively exporting YouTube cookies
2026-03-10 00:36:10,360 - INFO -   -> Backoff delay: 30s (consecutive failures: 7)
2026-03-10 00:36:40,362 - INFO - [9/753] Skipping 'El Carretero' (Permanent failure: permanent)
2026-03-10 00:36:40,362 - INFO - [10/753] Re-trying failed track: 'Más Que Real' (retry 5/5)
2026-03-10 00:36:40,362 - INFO - [10/753] Processing: Más Que Real...
2026-03-10 00:36:40,362 - INFO -   -> Downloading...
2026-03-10 00:36:44,133 - ERROR - Download failed for 8kUG4_08M7w: [0;31mERROR:[0m unable to download video data: HTTP Error 403: Forbidden
2026-03-10 00:36:44,133 - INFO - Error classified as TRANSIENT: [0;31mERROR:[0m unable to download video data: HTTP Error 403: Forbidden
2026-03-10 00:36:44,133 - INFO - Proxy rotation requested (dataimpulse handles rotation). Fresh IP on next request.
2026-03-10 00:36:44,133 - INFO -   -> Rotated proxy (Active: http://e6e01b70bd9ec5afe3b1:65d4cc1c9a5a3c6b@gw.dataimpulse.com:823)
2026-03-10 00:36:44,133 - ERROR -   -> Failed (transient): [0;31mERROR:[0m unable to download video data: HTTP Error 403: Forbidden
2026-03-10 00:36:44,147 - INFO -   -> Backoff delay: 30s (consecutive failures: 8)
2026-03-10 00:37:14,149 - INFO - [11/753] Re-trying failed track: 'Many Men (Wish Death) (Dirty Version)' (retry 5/5)
2026-03-10 00:37:14,149 - INFO - [11/753] Processing: Many Men (Wish Death) (Dirty Version)...
2026-03-10 00:37:14,149 - INFO -   -> Downloading...
2026-03-10 00:37:19,203 - ERROR - Download failed for 5D3crqpClPY: [0;31mERROR:[0m unable to download video data: HTTP Error 403: Forbidden
2026-03-10 00:37:19,203 - INFO - Error classified as TRANSIENT: [0;31mERROR:[0m unable to download video data: HTTP Error 403: Forbidden
2026-03-10 00:37:19,206 - INFO - Proxy rotation requested (dataimpulse handles rotation). Fresh IP on next request.
2026-03-10 00:37:19,206 - INFO -   -> Rotated proxy (Active: http://e6e01b70bd9ec5afe3b1:65d4cc1c9a5a3c6b@gw.dataimpulse.com:823)
2026-03-10 00:37:19,206 - ERROR -   -> Failed (transient): [0;31mERROR:[0m unable to download video data: HTTP Error 403: Forbidden
2026-03-10 00:37:19,222 - INFO -   -> Backoff delay: 30s (consecutive failures: 9)
2026-03-10 00:37:49,223 - INFO - [12/753] Re-trying failed track: 'No Soples' (retry 5/5)
2026-03-10 00:37:49,224 - INFO - [12/753] Processing: No Soples...
2026-03-10 00:37:49,224 - INFO -   -> Downloading...
2026-03-10 00:37:54,514 - ERROR - Download failed for 3RSpHkSPksE: [0;31mERROR:[0m unable to download video data: HTTP Error 403: Forbidden
2026-03-10 00:37:54,514 - INFO - Error classified as TRANSIENT: [0;31mERROR:[0m unable to download video data: HTTP Error 403: Forbidden
2026-03-10 00:37:54,514 - INFO - Proxy rotation requested (dataimpulse handles rotation). Fresh IP on next request.
2026-03-10 00:37:54,516 - INFO -   -> Rotated proxy (Active: http://e6e01b70bd9ec5afe3b1:65d4cc1c9a5a3c6b@gw.dataimpulse.com:823)
2026-03-10 00:37:54,516 - ERROR -   -> Failed (transient): [0;31mERROR:[0m unable to download video data: HTTP Error 403: Forbidden
2026-03-10 00:37:54,529 - INFO -   -> Backoff delay: 30s (consecutive failures: 10)
2026-03-10 00:38:24,531 - INFO - [13/753] Re-trying failed track: 'Poker Face (Official Music Video)' (retry 5/5)
2026-03-10 00:38:24,531 - CRITICAL - 🛑 CIRCUIT BREAKER: 10 consecutive failures detected. Last error: [0;31mERROR:[0m unable to download video data: HTTP Error 403: Forbidden. Aborting to prevent resource waste. Fix the issue and retry.
2026-03-10 00:38:24,531 - INFO - ============================================================
2026-03-10 00:38:24,531 - INFO - Pipeline complete. Processed: 0 tracks successfully.
2026-03-10 00:38:24,531 - WARNING - Ended with 10 consecutive failures.
2026-03-10 00:38:24,531 - INFO - ============================================================
